AdditionalShipperInfo_1
AdditionalShipperInfo_10
AdditionalShipperInfo_11
AdditionalShipperInfo_12
AdditionalShipperInfo_13
AdditionalShipperInfo_14
AdditionalShipperInfo_15
AdditionalShipperInfo_2
AdditionalShipperInfo_3
AdditionalShipperInfo_4
AdditionalShipperInfo_5
AdditionalShipperInfo_6
AdditionalShipperInfo_7
AdditionalShipperInfo_8
AdditionalShipperInfo_9
AppointmentNo
AppointmentDate
AppointmentText
BatchBarCode
BatchNo
BillToName
BillToAddressLine1
BillToAddressLine2
BillToCity
BillToState
BillToZip
BillToCountry
--BOL Fields
TagBatchNo_1
TagBatchNo_10
TagBatchNo_2
TagBatchNo_3
TagBatchNo_4
TagBatchNo_5
TagBatchNo_6
TagBatchNo_7
TagBatchNo_8
TagBatchNo_9
BolNo
BOQty_1
BOQty_10
BOQty_11
BOQty_12
BOQty_2
BOQty_3
BOQty_4
BOQty_5
BOQty_6
BOQty_7
BOQty_8
BOQty_9
CarrierName
CartLocation_1
CartLocation_10
CartLocation_11
CartLocation_12
CartLocation_13
CartLocation_14
CartLocation_15
CartLocation_16
CartLocation_2
CartLocation_3
CartLocation_4
CartLocation_5
CartLocation_6
CartLocation_7
CartLocation_8
CartLocation_9
CartLocation1_1
CartLocation1_10
CartLocation1_2
CartLocation1_3
CartLocation1_4
CartLocation1_5
CartLocation1_6
CartLocation1_7
CartLocation1_8
CartLocation1_9
CartLocation10_1
CartLocation10_10
CartLocation10_2
CartLocation10_3
CartLocation10_4
CartLocation10_5
CartLocation10_6
CartLocation10_7
CartLocation10_8
CartLocation10_9
CartLocation11_1
CartLocation11_10
CartLocation11_2
CartLocation11_3
CartLocation11_4
CartLocation11_5
CartLocation11_6
CartLocation11_7
CartLocation11_8
CartLocation11_9
CartLocation12_1
CartLocation12_10
CartLocation12_2
CartLocation12_3
CartLocation12_4
CartLocation12_5
CartLocation12_6
CartLocation12_7
CartLocation12_8
CartLocation12_9
CartLocation13_1
CartLocation13_10
CartLocation13_2
CartLocation13_3
CartLocation13_4
CartLocation13_5
CartLocation13_6
CartLocation13_7
CartLocation13_8
CartLocation13_9
CartLocation14_1
CartLocation14_10
CartLocation14_2
CartLocation14_3
CartLocation14_4
CartLocation14_5
CartLocation14_6
CartLocation14_7
CartLocation14_8
CartLocation14_9
CartLocation15_1
CartLocation15_10
CartLocation15_2
CartLocation15_3
CartLocation15_4
CartLocation15_5
CartLocation15_6
CartLocation15_7
CartLocation15_8
CartLocation15_9
CartLocation16_1
CartLocation16_10
CartLocation16_2
CartLocation16_3
CartLocation16_4
CartLocation16_5
CartLocation16_6
CartLocation16_7
CartLocation16_8
CartLocation16_9
CartLocation2_1
CartLocation2_10
CartLocation2_2
CartLocation2_3
CartLocation2_4
CartLocation2_5
CartLocation2_6
CartLocation2_7
CartLocation2_8
CartLocation2_9
CartLocation3_1
CartLocation3_10
CartLocation3_2
CartLocation3_3
CartLocation3_4
CartLocation3_5
CartLocation3_6
CartLocation3_7
CartLocation3_8
CartLocation3_9
CartLocation4_1
CartLocation4_10
CartLocation4_2
CartLocation4_3
CartLocation4_4
CartLocation4_5
CartLocation4_6
CartLocation4_7
CartLocation4_8
CartLocation4_9
CartLocation5_1
CartLocation5_10
CartLocation5_2
CartLocation5_3
CartLocation5_4
CartLocation5_5
CartLocation5_6
CartLocation5_7
CartLocation5_8
CartLocation5_9
CartLocation6_1
CartLocation6_10
CartLocation6_2
CartLocation6_3
CartLocation6_4
CartLocation6_5
CartLocation6_6
CartLocation6_7
CartLocation6_8
CartLocation6_9
CartLocation7_1
CartLocation7_10
CartLocation7_2
CartLocation7_3
CartLocation7_4
CartLocation7_5
CartLocation7_6
CartLocation7_7
CartLocation7_8
CartLocation7_9
CartLocation8_1
CartLocation8_10
CartLocation8_2
CartLocation8_3
CartLocation8_4
CartLocation8_5
CartLocation8_6
CartLocation8_7
CartLocation8_8
CartLocation8_9
CartLocation9_1
CartLocation9_10
CartLocation9_2
CartLocation9_3
CartLocation9_4
CartLocation9_5
CartLocation9_6
CartLocation9_7
CartLocation9_8
CartLocation9_9
CartLocationId_1
CartLocationId_10
CartLocationId_11
CartLocationId_12
CartLocationId_13
CartLocationId_14
CartLocationId_15
CartLocationId_16
CartLocationId_2
CartLocationId_3
CartLocationId_4
CartLocationId_5
CartLocationId_6
CartLocationId_7
CartLocationId_8
CartLocationId_9
CartonSize_1
CartonSize_10
CartonSize_11
CartonSize_12
CartonSize_13
CartonSize_14
CartonSize_15
CartonSize_16
CartonSize_2
CartonSize_3
CartonSize_4
CartonSize_5
CartonSize_6
CartonSize_7
CartonSize_8
CartonSize_9
CID
COD
CommodityDesc_1
CommodityDesc_10
CommodityDesc_11
CommodityDesc_12
CommodityDesc_13
CommodityDesc_14
CommodityDesc_15
CommodityDesc_2
CommodityDesc_3
CommodityDesc_4
CommodityDesc_5
CommodityDesc_6
CommodityDesc_7
CommodityDesc_8
CommodityDesc_9
ContainerScm
CurrentDate
CustItemId
CustItemId_1
CustItemId_10
CustItemId_11
CustItemId_12
CustItemId_2
CustItemId_3
CustItemId_4
CustItemId_5
CustItemId_6
CustItemId_7
CustItemId_8
CustItemId_9
CustomerItem
CustomerPONo
CustomerPONo_1
CustomerPONo_10
CustomerPONo_11
CustomerPONo_12
CustomerPONo_13
CustomerPONo_14
CustomerPONo_15
CustomerPONo_2
CustomerPONo_3
CustomerPONo_4
CustomerPONo_5
CustomerPONo_6
CustomerPONo_7
CustomerPONo_8
CustomerPONo_9
DepartmentCode
FreightCountedByPallets
FreightCountedByPieces
FreightCountedByShipper
FreightTerms
FromAddressLine1
FromAddressLine2
FromAddressLine3
FromCity
FromLocation_1
FromLocation_10
FromLocation_11
FromLocation_12
FromLocation_13
FromLocation_14
FromLocation_15
FromLocation_16
FromLocation_17
FromLocation_18
FromLocation_19
FromLocation_2
FromLocation_20
FromLocation_3
FromLocation_4
FromLocation_5
FromLocation_6
FromLocation_7
FromLocation_8
FromLocation_9
FromName
FromState
FromZip
FromZipText
FromCountry
FromFOB
FromPhone
HM_1
HM_10
HM_11
HM_12
HM_13
HM_14
HM_15
HM_2
HM_3
HM_4
HM_5
HM_6
HM_7
HM_8
HM_9
ItemDesc_1
ItemDesc_10
ItemDesc_11
ItemDesc_12
ItemDesc_13
ItemDesc_14
ItemDesc_15
ItemDesc_2
ItemDesc_3
ItemDesc_4
ItemDesc_5
ItemDesc_6
ItemDesc_7
ItemDesc_8
ItemDesc_9
ItemID
ItemId_1
ItemId_10
ItemId_11
ItemId_12
ItemId_13
ItemId_14
ItemId_15
ItemId_16
ItemId_17
ItemId_18
ItemId_19
ItemId_2
ItemId_20
ItemId_3
ItemId_4
ItemId_5
ItemId_6
ItemId_7
ItemId_8
ItemId_9
LINE
Line_1
Line_10
Line_11
Line_12
Line_2
Line_3
Line_4
Line_5
Line_6
Line_7
Line_8
Line_9
LotNumber
LotNumber_1
LotNumber_10
LotNumber_2
LotNumber_3
LotNumber_4
LotNumber_5
LotNumber_6
LotNumber_7
LotNumber_8
LotNumber_9
MarkFor
MarkForBarCode
MBOL
NMFCClass_1
NMFCClass_10
NMFCClass_11
NMFCClass_12
NMFCClass_13
NMFCClass_14
NMFCClass_15
NMFCClass_2
NMFCClass_3
NMFCClass_4
NMFCClass_5
NMFCClass_6
NMFCClass_7
NMFCClass_8
NMFCClass_9
NMFCCode_1
NMFCCode_10
NMFCCode_11
NMFCCode_12
NMFCCode_13
NMFCCode_14
NMFCCode_15
NMFCCode_2
NMFCCode_3
NMFCCode_4
NMFCCode_5
NMFCCode_6
NMFCCode_7
NMFCCode_8
NMFCCode_9
Node
NumPkgs_1
NumPkgs_10
NumPkgs_11
NumPkgs_12
NumPkgs_13
NumPkgs_14
NumPkgs_15
NumPkgs_2
NumPkgs_3
NumPkgs_4
NumPkgs_5
NumPkgs_6
NumPkgs_7
NumPkgs_8
NumPkgs_9
OrdQty_1
OrdQty_10
OrdQty_11
OrdQty_12
OrdQty_2
OrdQty_3
OrdQty_4
OrdQty_5
OrdQty_6
OrdQty_7
OrdQty_8
OrdQty_9
PageNo
Pallet_1
Pallet_10
Pallet_11
Pallet_12
Pallet_13
Pallet_14
Pallet_15
Pallet_2
Pallet_3
Pallet_4
Pallet_5
Pallet_6
Pallet_7
Pallet_8
Pallet_9
PkgQty_1
PkgQty_10
PkgQty_11
PkgQty_12
PkgQty_13
PkgQty_14
PkgQty_15
PkgQty_2
PkgQty_3
PkgQty_4
PkgQty_5
PkgQty_6
PkgQty_7
PkgQty_8
PkgQty_9
PkgType_1
PkgType_10
PkgType_11
PkgType_12
PkgType_13
PkgType_14
PkgType_15
PkgType_2
PkgType_3
PkgType_4
PkgType_5
PkgType_6
PkgType_7
PkgType_8
PkgType_9
PkgWeight_1
PkgWeight_10
PkgWeight_11
PkgWeight_12
PkgWeight_13
PkgWeight_14
PkgWeight_15
PkgWeight_2
PkgWeight_3
PkgWeight_4
PkgWeight_5
PkgWeight_6
PkgWeight_7
PkgWeight_8
PkgWeight_9
PostalCode
PostalCodeTEXT
PRONo
ProductClass_1
ProductClass_2
ProductClass_3
ProductClass_4
ProductClass_5
ProductClass_6
ProductClass_7
ProductClass_8
ProductClass_9
ProductClass_10
ProNoBarCode
ProNoBarCodeText
RevisionNo
RevisionNo_1
RevisionNo_10
RevisionNo_2
RevisionNo_3
RevisionNo_4
RevisionNo_5
RevisionNo_6
RevisionNo_7
RevisionNo_8
RevisionNo_9
Quantity_1
Quantity_10
Quantity_11
Quantity_12
Quantity_13
Quantity_14
Quantity_15
Quantity_16
Quantity_17
Quantity_18
Quantity_19
Quantity_2
Quantity_20
Quantity_3
Quantity_4
Quantity_5
Quantity_6
Quantity_7
Quantity_8
Quantity_9
Quantity
SCAC
SerialNo
SerialNo_1
SerialNo_10
SerialNo_2
SerialNo_3
SerialNo_4
SerialNo_5
SerialNo_6
SerialNo_7
SerialNo_8
SerialNo_9
ShipmentDate
ShipmentNo
ShipToZip
ShipToLocationNo
SID
SpecialInstruction
ToAddressLine1
ToAddressLine2
ToAddressLine3
ToCity
ToCompany
ToLocation_1
ToLocation_10
ToLocation_11
ToLocation_12
ToLocation_13
ToLocation_14
ToLocation_15
ToLocation_16
ToLocation_17
ToLocation_18
ToLocation_19
ToLocation_2
ToLocation_20
ToLocation_3
ToLocation_4
ToLocation_5
ToLocation_6
ToLocation_7
ToLocation_8
ToLocation_9
ToName
ToPhone
ToState
ToCountry
TotalPages
TotalPkgQty
TotalPkgs
TotalUnitQty
TotalWeight
TotalPkgWeight
ToZip
ToZipText
TrailerLoadedByDriver
TrailerLoadedByShipper
ToFOB
UnitQty_1
UnitQty_10
UnitQty_11
UnitQty_12
UnitQty_13
UnitQty_14
UnitQty_15
UnitQty_2
UnitQty_3
UnitQty_4
UnitQty_5
UnitQty_6
UnitQty_7
UnitQty_8
UnitQty_9
UnitType_1
UnitType_10
UnitType_11
UnitType_12
UnitType_13
UnitType_14
UnitType_15
UnitType_2
UnitType_3
UnitType_4
UnitType_5
UnitType_6
UnitType_7
UnitType_8
UnitType_9
UOM_1
UOM_10
UOM_11
UOM_12
UOM_13
UOM_14
UOM_15
UOM_16
UOM_17
UOM_18
UOM_19
UOM_2
UOM_20
UOM_3
UOM_4
UOM_5
UOM_6
UOM_7
UOM_8
UOM_9
WaveNo
Weight
WeightUOM
Weight_1
Weight_10
Weight_11
Weight_12
Weight_13
Weight_14
Weight_15
Weight_2
Weight_3
Weight_4
Weight_5
Weight_6
Weight_7
Weight_8
Weight_9
CollectFeeTerm
PrepaidFeeTerm
CheckFeeTerm
Collect
Prepaid
ThirdParty
BolInstruction
--For PickupSummary Label
CompanyName
CarrierAccountNo
PickupSummaryNo
PickupSummaryBarCode
PickupSummaryBarCodeText
TotalPackages
OneDayTotal
TwoDayTotal
ThreeDayTotal
InternationalTotal
CODTotal
TotalPackagesText
OneDayTotal
OneDayTotalText
TwoDayTotalText
ThreeDayTotalText
InternationalTotalText
CODTotalText
ControlNumber
BookNumber
PageNumber
AccountNumber
AccountNumberText
ApplicationId
CityStateZip
ToCityStateZip
ShippingRecord
Mod7CheckDigit
PickupSummaryCheckDigit
--
RoutingCode
CarrierServiceTitle
CarrierServiceIcon
Day
AddressValidation
MaxiCode
TrackingNo
ItemText
CommodityDescTEXT
TrackingNumberText
ServiceIdentifier
Reference_1
ReferenceNo_1
Reference_2
ReferenceNo_2
Reference_3
ReferenceNo_3
Reference_4
ReferenceNo_4
BatchNoLiteral
BatchNoValue
CartLocationLiteral
CartLocationValue
SpecialServiceCode
FromLPN_1
FromLPN_2
FromLPN_3
FromLPN_4
FromLPN_5
FromLPN_6
FromLPN_7
FromLPN_8
FromLPN_9
FromLPN_10
CountLocation_1
CountLocation_10
CountLocation_11
CountLocation_12
CountLocation_13
CountLocation_14
CountLocation_15
CountLocation_16
CountLocation_17
CountLocation_18
CountLocation_19
CountLocation_2
CountLocation_20
CountLocation_3
CountLocation_4
CountLocation_5
CountLocation_6
CountLocation_7
CountLocation_8
CountLocation_9
RouteCode
Instruction_1
Instruction_2
ShipmentNo
LotNoReference_1
LotNoReference_10
LotNoReference_2
LotNoReference_3
LotNoReference_4
LotNoReference_5
LotNoReference_6
LotNoReference_7
LotNoReference_8
LotNoReference_9
BatchNoReference_1
BatchNoReference_10
BatchNoReference_2
BatchNoReference_3
BatchNoReference_4
BatchNoReference_5
BatchNoReference_6
BatchNoReference_7
BatchNoReference_8
BatchNoReference_9
RevisionNoReference_1
RevisionNoReference_10
RevisionNoReference_2
RevisionNoReference_3
RevisionNoReference_4
RevisionNoReference_5
RevisionNoReference_6
RevisionNoReference_7
RevisionNoReference_8
RevisionNoReference_9
--For LTL Manifest Print
AddressLine1_1
AddressLine1_2
AddressLine1_3
AddressLine1_4
AddressLine1_5
AddressLine2_1
AddressLine2_2
AddressLine2_3
AddressLine2_4
AddressLine2_5
AddressLine3_1
AddressLine3_2
AddressLine3_3
AddressLine3_4
AddressLine3_5
BolNo_1
BolNo_2
BolNo_3
BolNo_4
BolNo_5
Country_1
Country_2
Country_3
Country_4
Country_5
CustomerName_1
CustomerName_2
CustomerName_3
CustomerName_4
CustomerName_5
ManifestNo
ManifestDate
TrailerNo
NoOfCartons_1
NoOfCartons_2
NoOfCartons_3
NoOfCartons_4
NoOfCartons_5
NoOfPallets_1
NoOfPallets_2
NoOfPallets_3
NoOfPallets_4
NoOfPallets_5
TotalNoOfCartons_1
TotalNoOfPallets_1
TotalWeight_1
ProNo_1
ProNo_2
ProNo_3
ProNo_4
ProNo_5
State_1
State_2
State_3
State_4
State_5
City_1
City_2
City_3
City_4
City_5
ShippingAddress1
ShippingAddress2
ShippingAddress3
ShippingZipCode
ShippingState
ShippingCity
ShippingCountry
ZipCode_1
ZipCode_2
ZipCode_3
ZipCode_4
ZipCode_5
--For Shipper's Declaration Print
HazardClass_1
HazardClass_2
HazardClass_3
HazardClass_4
HazardClass_5
ItemUOM_1
ItemUOM_2
ItemUOM_3
ItemUOM_4
ItemUOM_5
LabelCode_1
LabelCode_2
LabelCode_3
LabelCode_4
LabelCode_5
Para_01
Para_02
PackingGroup_1
PackingGroup_2
PackingGroup_3
PackingGroup_4
PackingGroup_5
ProperShippingName_1
ProperShippingName_2
ProperShippingName_3
ProperShippingName_4
ProperShippingName_5
ShipmentProNo_1
ShipmentProNo_2
ShipmentProNo_3
ShipmentProNo_4
ShipmentProNo_5
ShipToAddressLine1_1
ShipToAddressLine1_2
ShipToAddressLine1_3
ShipToAddressLine1_4
ShipToAddressLine1_5
ShipToAddressLine2_1
ShipToAddressLine2_2
ShipToAddressLine2_3
ShipToAddressLine2_4
ShipToAddressLine2_5
ShipToCity_1
ShipToCity_2
ShipToCity_3
ShipToCity_4
ShipToCity_5
ShipToName_1
ShipToName_2
ShipToName_3
ShipToName_4
ShipToName_5
ShipToState_1
ShipToState_2
ShipToState_3
ShipToState_4
ShipToState_5
UNNumber_1
UNNumber_2
UNNumber_3
UNNumber_4
UNNumber_5
--For Hazmat BOL Print
HazmatClass_1
HazmatClass_2
HazmatClass_3
HazmatClass_4
HazmatClass_5
--For Hazmat SKU Label Print
HazardClass
LabelCode
PackingGroup
ProperShippingName
UNNumber